%!Adobe-FontList 1.14
%Locale:0x419

%BeginFont
Handler:DirectoryHandler
FontType:Invalid
OutlineFileName:\\SERGEY\runner\Assets\2dinfiniterunner\Textures\Font\goonies.fnt
FileModTime:1394172708
%EndFont

%BeginFont
Handler:DirectoryHandler
FontType:Invalid
OutlineFileName:\\SERGEY\runner\Assets\2dinfiniterunner\Textures\Font\goonies.fnt.meta
FileModTime:1394172418
%EndFont

%BeginFont
Handler:DirectoryHandler
FontType:TrueType
FontName:Goonies-Regular
FamilyName:Goonies
StyleName:Regular
FullName:Goonies
MenuName:Goonies
StyleBits:0
WritingScript:Roman
OutlineFileName:\\SERGEY\runner\Assets\2dinfiniterunner\Textures\Font\Goonies.ttf
DataFormat:sfntData
FileLength:34396
FileModTime:1103206182
WeightClass:400
WidthClass:5
AngleClass:0
%EndFont

%BeginFont
Handler:DirectoryHandler
FontType:Invalid
OutlineFileName:\\SERGEY\runner\Assets\2dinfiniterunner\Textures\Font\Goonies.ttf.meta
FileModTime:1394172310
%EndFont

%BeginFont
Handler:DirectoryHandler
FontType:Invalid
OutlineFileName:\\SERGEY\runner\Assets\2dinfiniterunner\Textures\Font\goonies_0.png
FileModTime:1394172708
%EndFont

%BeginFont
Handler:DirectoryHandler
FontType:Invalid
OutlineFileName:\\SERGEY\runner\Assets\2dinfiniterunner\Textures\Font\goonies_0.png.meta
FileModTime:1394172722
%EndFont

%BeginFont
Handler:DirectoryHandler
FontType:TrueType
FontName:HelveticaInseratCyr-Upright
FamilyName:HelveticaInseratCyr Upright
StyleName:Regular
FullName:Helvetica Inserat Cyrillic Upright
MenuName:HelveticaInseratCyr Upright
StyleBits:0
WritingScript:Roman
OutlineFileName:\\SERGEY\runner\Assets\2dinfiniterunner\Textures\Font\Helvetica Inserat Cyrillic Upright.ttf
DataFormat:sfntData
FileLength:66476
FileModTime:1031296384
WeightClass:400
WidthClass:5
AngleClass:0
%EndFont

%BeginFont
Handler:DirectoryHandler
FontType:Invalid
OutlineFileName:\\SERGEY\runner\Assets\2dinfiniterunner\Textures\Font\Helvetica Inserat Cyrillic Upright.ttf.meta
FileModTime:1394175180
%EndFont

%BeginFont
Handler:DirectoryHandler
FontType:Invalid
OutlineFileName:\\SERGEY\runner\Assets\2dinfiniterunner\Textures\Font\helvetica.fnt
FileModTime:1394198451
%EndFont

%BeginFont
Handler:DirectoryHandler
FontType:Invalid
OutlineFileName:\\SERGEY\runner\Assets\2dinfiniterunner\Textures\Font\helvetica.fnt.meta
FileModTime:1394198453
%EndFont

%BeginFont
Handler:DirectoryHandler
FontType:Invalid
OutlineFileName:\\SERGEY\runner\Assets\2dinfiniterunner\Textures\Font\helvetica_0.png
FileModTime:1394198451
%EndFont

%BeginFont
Handler:DirectoryHandler
FontType:Invalid
OutlineFileName:\\SERGEY\runner\Assets\2dinfiniterunner\Textures\Font\helvetica_0.png.meta
FileModTime:1394198453
%EndFont

